-- The C compiler identification is GNU 11.4.0
-- The CXX compiler identification is GNU 11.4.0
-- Detecting C compiler ABI info
-- Detecting C compiler ABI info - done
-- Check for working C compiler: /usr/bin/cc - skipped
-- Detecting C compile features
-- Detecting C compile features - done
-- Detecting CXX compiler ABI info
-- Detecting CXX compiler ABI info - done
-- Check for working CXX compiler: /usr/bin/c++ - skipped
-- Detecting CXX compile features
-- Detecting CXX compile features - done
-- Found ament_cmake: 1.3.11 (/opt/ros/humble/share/ament_cmake/cmake)
-- Found Python3: /usr/bin/python3 (found version "3.10.12") found components: Interpreter 
-- Override CMake install command with custom implementation using symlinks instead of copying resources
-- Found rclcpp: 16.0.12 (/opt/ros/humble/share/rclcpp/cmake)
-- Found rosidl_generator_c: 3.1.6 (/opt/ros/humble/share/rosidl_generator_c/cmake)
-- Found rosidl_adapter: 3.1.6 (/opt/ros/humble/share/rosidl_adapter/cmake)
-- Found rosidl_generator_cpp: 3.1.6 (/opt/ros/humble/share/rosidl_generator_cpp/cmake)
-- Using all available rosidl_typesupport_c: rosidl_typesupport_fastrtps_c;rosidl_typesupport_introspection_c
-- Using all available rosidl_typesupport_cpp: rosidl_typesupport_fastrtps_cpp;rosidl_typesupport_introspection_cpp
-- Found rmw_implementation_cmake: 6.1.2 (/opt/ros/humble/share/rmw_implementation_cmake/cmake)
-- Found rmw_fastrtps_cpp: 6.2.7 (/opt/ros/humble/share/rmw_fastrtps_cpp/cmake)
-- Found OpenSSL: /usr/lib/x86_64-linux-gnu/libcrypto.so (found version "3.0.2")  
-- Found FastRTPS: /opt/ros/humble/include  
-- Using RMW implementation 'rmw_fastrtps_cpp' as default
-- Looking for pthread.h
-- Looking for pthread.h - found
-- Performing Test CMAKE_HAVE_LIBC_PTHREAD
-- Performing Test CMAKE_HAVE_LIBC_PTHREAD - Success
-- Found Threads: TRUE  
-- Found geometry_msgs: 4.8.0 (/opt/ros/humble/share/geometry_msgs/cmake)
-- Configuring done
-- Generating done
-- Build files have been written to: /home/pjp2/mimo_eso_ws/build/mimo_eso_sim
[ 50%] [32mBuilding CXX object CMakeFiles/eso_node.dir/src/eso_node.cpp.o[0m
[ 50%] [32mBuilding CXX object CMakeFiles/plant_node.dir/src/plant_node.cpp.o[0m
[ 75%] [32m[1mLinking CXX executable plant_node[0m
[100%] [32m[1mLinking CXX executable eso_node[0m
[100%] Built target plant_node
[100%] Built target eso_node
-- Install configuration: ""
-- Execute custom install script
-- Symlinking: /home/pjp2/mimo_eso_ws/install/mimo_eso_sim/lib/mimo_eso_sim/plant_node
-- Symlinking: /home/pjp2/mimo_eso_ws/install/mimo_eso_sim/lib/mimo_eso_sim/eso_node
-- Symlinking: /home/pjp2/mimo_eso_ws/install/mimo_eso_sim/share/mimo_eso_sim/launch/mimo_eso_launch.py
-- Symlinking: /home/pjp2/mimo_eso_ws/install/mimo_eso_sim/share/ament_index/resource_index/package_run_dependencies/mimo_eso_sim
-- Symlinking: /home/pjp2/mimo_eso_ws/install/mimo_eso_sim/share/ament_index/resource_index/parent_prefix_path/mimo_eso_sim
-- Symlinking: /home/pjp2/mimo_eso_ws/install/mimo_eso_sim/share/mimo_eso_sim/environment/ament_prefix_path.sh
-- Symlinking: /home/pjp2/mimo_eso_ws/install/mimo_eso_sim/share/mimo_eso_sim/environment/ament_prefix_path.dsv
-- Symlinking: /home/pjp2/mimo_eso_ws/install/mimo_eso_sim/share/mimo_eso_sim/environment/path.sh
-- Symlinking: /home/pjp2/mimo_eso_ws/install/mimo_eso_sim/share/mimo_eso_sim/environment/path.dsv
-- Symlinking: /home/pjp2/mimo_eso_ws/install/mimo_eso_sim/share/mimo_eso_sim/local_setup.bash
-- Symlinking: /home/pjp2/mimo_eso_ws/install/mimo_eso_sim/share/mimo_eso_sim/local_setup.sh
-- Symlinking: /home/pjp2/mimo_eso_ws/install/mimo_eso_sim/share/mimo_eso_sim/local_setup.zsh
-- Symlinking: /home/pjp2/mimo_eso_ws/install/mimo_eso_sim/share/mimo_eso_sim/local_setup.dsv
-- Symlinking: /home/pjp2/mimo_eso_ws/install/mimo_eso_sim/share/mimo_eso_sim/package.dsv
-- Symlinking: /home/pjp2/mimo_eso_ws/install/mimo_eso_sim/share/ament_index/resource_index/packages/mimo_eso_sim
-- Symlinking: /home/pjp2/mimo_eso_ws/install/mimo_eso_sim/share/mimo_eso_sim/cmake/mimo_eso_simConfig.cmake
-- Symlinking: /home/pjp2/mimo_eso_ws/install/mimo_eso_sim/share/mimo_eso_sim/cmake/mimo_eso_simConfig-version.cmake
-- Symlinking: /home/pjp2/mimo_eso_ws/install/mimo_eso_sim/share/mimo_eso_sim/package.xml
