[0.010s] Invoking command in '/home/pjp2/mimo_eso_ws/build/mimo_eso_sim': CMAKE_PREFIX_PATH=${CMAKE_PREFIX_PATH}:/opt/ros/humble /usr/bin/cmake --build /home/pjp2/mimo_eso_ws/build/mimo_eso_sim -- -j24 -l24
[0.051s] [35m[1mConsolidate compiler generated dependencies of target eso_node[0m
[0.057s] [ 25%] [32mBuilding CXX object CMakeFiles/plant_node.dir/src/plant_node.cpp.o[0m
[0.059s] [ 75%] Built target eso_node
[5.700s] [100%] [32m[1mLinking CXX executable plant_node[0m
[6.087s] [100%] Built target plant_node
[6.093s] Invoked command in '/home/pjp2/mimo_eso_ws/build/mimo_eso_sim' returned '0': CMAKE_PREFIX_PATH=${CMAKE_PREFIX_PATH}:/opt/ros/humble /usr/bin/cmake --build /home/pjp2/mimo_eso_ws/build/mimo_eso_sim -- -j24 -l24
[6.099s] Invoking command in '/home/pjp2/mimo_eso_ws/build/mimo_eso_sim': CMAKE_PREFIX_PATH=${CMAKE_PREFIX_PATH}:/opt/ros/humble /usr/bin/cmake --install /home/pjp2/mimo_eso_ws/build/mimo_eso_sim
[6.103s] -- Install configuration: ""
[6.104s] -- Execute custom install script
[6.104s] -- Up-to-date symlink: /home/pjp2/mimo_eso_ws/install/mimo_eso_sim/lib/mimo_eso_sim/plant_node
[6.104s] -- Up-to-date symlink: /home/pjp2/mimo_eso_ws/install/mimo_eso_sim/lib/mimo_eso_sim/eso_node
[6.105s] -- Up-to-date symlink: /home/pjp2/mimo_eso_ws/install/mimo_eso_sim/share/mimo_eso_sim/launch/mimo_eso_launch.py
[6.105s] -- Up-to-date symlink: /home/pjp2/mimo_eso_ws/install/mimo_eso_sim/share/ament_index/resource_index/package_run_dependencies/mimo_eso_sim
[6.106s] -- Up-to-date symlink: /home/pjp2/mimo_eso_ws/install/mimo_eso_sim/share/ament_index/resource_index/parent_prefix_path/mimo_eso_sim
[6.106s] -- Up-to-date symlink: /home/pjp2/mimo_eso_ws/install/mimo_eso_sim/share/mimo_eso_sim/environment/ament_prefix_path.sh
[6.106s] -- Up-to-date symlink: /home/pjp2/mimo_eso_ws/install/mimo_eso_sim/share/mimo_eso_sim/environment/ament_prefix_path.dsv
[6.106s] -- Up-to-date symlink: /home/pjp2/mimo_eso_ws/install/mimo_eso_sim/share/mimo_eso_sim/environment/path.sh
[6.107s] -- Up-to-date symlink: /home/pjp2/mimo_eso_ws/install/mimo_eso_sim/share/mimo_eso_sim/environment/path.dsv
[6.107s] -- Up-to-date symlink: /home/pjp2/mimo_eso_ws/install/mimo_eso_sim/share/mimo_eso_sim/local_setup.bash
[6.107s] -- Up-to-date symlink: /home/pjp2/mimo_eso_ws/install/mimo_eso_sim/share/mimo_eso_sim/local_setup.sh
[6.107s] -- Up-to-date symlink: /home/pjp2/mimo_eso_ws/install/mimo_eso_sim/share/mimo_eso_sim/local_setup.zsh
[6.108s] -- Up-to-date symlink: /home/pjp2/mimo_eso_ws/install/mimo_eso_sim/share/mimo_eso_sim/local_setup.dsv
[6.108s] -- Symlinking: /home/pjp2/mimo_eso_ws/install/mimo_eso_sim/share/mimo_eso_sim/package.dsv
[6.113s] -- Up-to-date symlink: /home/pjp2/mimo_eso_ws/install/mimo_eso_sim/share/ament_index/resource_index/packages/mimo_eso_sim
[6.113s] -- Up-to-date symlink: /home/pjp2/mimo_eso_ws/install/mimo_eso_sim/share/mimo_eso_sim/cmake/mimo_eso_simConfig.cmake
[6.113s] -- Up-to-date symlink: /home/pjp2/mimo_eso_ws/install/mimo_eso_sim/share/mimo_eso_sim/cmake/mimo_eso_simConfig-version.cmake
[6.113s] -- Up-to-date symlink: /home/pjp2/mimo_eso_ws/install/mimo_eso_sim/share/mimo_eso_sim/package.xml
[6.114s] Invoked command in '/home/pjp2/mimo_eso_ws/build/mimo_eso_sim' returned '0': CMAKE_PREFIX_PATH=${CMAKE_PREFIX_PATH}:/opt/ros/humble /usr/bin/cmake --install /home/pjp2/mimo_eso_ws/build/mimo_eso_sim
