[0.408s] DEBUG:colcon:Command line arguments: ['/usr/bin/colcon', 'build', '--symlink-install']
[0.408s] DEBUG:colcon:Parsed command line arguments: Namespace(log_base=None, log_level=None, verb_name='build', build_base='build', install_base='install', merge_install=False, symlink_install=True, test_result_base=None, continue_on_error=False, executor='parallel', parallel_workers=24, event_handlers=None, ignore_user_meta=False, metas=['./colcon.meta'], base_paths=['.'], packages_ignore=None, packages_ignore_regex=None, paths=None, packages_up_to=None, packages_up_to_regex=None, packages_above=None, packages_above_and_dependencies=None, packages_above_depth=None, packages_select_by_dep=None, packages_skip_by_dep=None, packages_skip_up_to=None, packages_select_build_failed=False, packages_skip_build_finished=False, packages_select_test_failures=False, packages_skip_test_passed=False, packages_select=None, packages_skip=None, packages_select_regex=None, packages_skip_regex=None, packages_start=None, packages_end=None, allow_overriding=[], cmake_args=None, cmake_target=None, cmake_target_skip_unavailable=False, cmake_clean_cache=False, cmake_clean_first=False, cmake_force_configure=False, ament_cmake_args=None, catkin_cmake_args=None, catkin_skip_building_tests=False, verb_parser=<colcon_defaults.argument_parser.defaults.DefaultArgumentsDecorator object at 0x7fa70ab27f40>, verb_extension=<colcon_core.verb.build.BuildVerb object at 0x7fa70ab27a30>, main=<bound method BuildVerb.main of <colcon_core.verb.build.BuildVerb object at 0x7fa70ab27a30>>)
[0.486s] Level 1:colcon.colcon_core.package_discovery:discover_packages(colcon_meta) check parameters
[0.486s] Level 1:colcon.colcon_core.package_discovery:discover_packages(recursive) check parameters
[0.486s] Level 1:colcon.colcon_core.package_discovery:discover_packages(ignore) check parameters
[0.486s] Level 1:colcon.colcon_core.package_discovery:discover_packages(path) check parameters
[0.486s] Level 1:colcon.colcon_core.package_discovery:discover_packages(colcon_meta) discover
[0.486s] Level 1:colcon.colcon_core.package_discovery:discover_packages(recursive) discover
[0.486s] INFO:colcon.colcon_core.package_discovery:Crawling recursively for packages in '/home/pjp2/mimo_eso_ws'
[0.486s] Level 1:colcon.colcon_core.package_identification:_identify(.) by extensions ['ignore', 'ignore_ament_install']
[0.486s] Level 1:colcon.colcon_core.package_identification:_identify(.) by extension 'ignore'
[0.486s] Level 1:colcon.colcon_core.package_identification:_identify(.) by extension 'ignore_ament_install'
[0.486s] Level 1:colcon.colcon_core.package_identification:_identify(.) by extensions ['colcon_pkg']
[0.486s] Level 1:colcon.colcon_core.package_identification:_identify(.) by extension 'colcon_pkg'
[0.486s] Level 1:colcon.colcon_core.package_identification:_identify(.) by extensions ['colcon_meta']
[0.486s] Level 1:colcon.colcon_core.package_identification:_identify(.) by extension 'colcon_meta'
[0.486s] Level 1:colcon.colcon_core.package_identification:_identify(.) by extensions ['ros']
[0.486s] Level 1:colcon.colcon_core.package_identification:_identify(.) by extension 'ros'
[0.493s] Level 1:colcon.colcon_core.package_identification:_identify(.) by extensions ['cmake', 'python']
[0.493s] Level 1:colcon.colcon_core.package_identification:_identify(.) by extension 'cmake'
[0.493s] Level 1:colcon.colcon_core.package_identification:_identify(.) by extension 'python'
[0.493s] Level 1:colcon.colcon_core.package_identification:_identify(.) by extensions ['python_setup_py']
[0.493s] Level 1:colcon.colcon_core.package_identification:_identify(.) by extension 'python_setup_py'
[0.493s] Level 1:colcon.colcon_core.package_identification:_identify(build) by extensions ['ignore', 'ignore_ament_install']
[0.493s] Level 1:colcon.colcon_core.package_identification:_identify(build) by extension 'ignore'
[0.493s] Level 1:colcon.colcon_core.package_identification:_identify(build) ignored
[0.493s] Level 1:colcon.colcon_core.package_identification:_identify(install) by extensions ['ignore', 'ignore_ament_install']
[0.493s] Level 1:colcon.colcon_core.package_identification:_identify(install) by extension 'ignore'
[0.493s] Level 1:colcon.colcon_core.package_identification:_identify(install) ignored
[0.493s] Level 1:colcon.colcon_core.package_identification:_identify(log) by extensions ['ignore', 'ignore_ament_install']
[0.493s] Level 1:colcon.colcon_core.package_identification:_identify(log) by extension 'ignore'
[0.493s] Level 1:colcon.colcon_core.package_identification:_identify(log) ignored
[0.493s] Level 1:colcon.colcon_core.package_identification:_identify(src) by extensions ['ignore', 'ignore_ament_install']
[0.493s] Level 1:colcon.colcon_core.package_identification:_identify(src) by extension 'ignore'
[0.493s] Level 1:colcon.colcon_core.package_identification:_identify(src) by extension 'ignore_ament_install'
[0.494s] Level 1:colcon.colcon_core.package_identification:_identify(src) by extensions ['colcon_pkg']
[0.494s] Level 1:colcon.colcon_core.package_identification:_identify(src) by extension 'colcon_pkg'
[0.494s] Level 1:colcon.colcon_core.package_identification:_identify(src) by extensions ['colcon_meta']
[0.494s] Level 1:colcon.colcon_core.package_identification:_identify(src) by extension 'colcon_meta'
[0.494s] Level 1:colcon.colcon_core.package_identification:_identify(src) by extensions ['ros']
[0.494s] Level 1:colcon.colcon_core.package_identification:_identify(src) by extension 'ros'
[0.494s] Level 1:colcon.colcon_core.package_identification:_identify(src) by extensions ['cmake', 'python']
[0.494s] Level 1:colcon.colcon_core.package_identification:_identify(src) by extension 'cmake'
[0.494s] Level 1:colcon.colcon_core.package_identification:_identify(src) by extension 'python'
[0.494s] Level 1:colcon.colcon_core.package_identification:_identify(src) by extensions ['python_setup_py']
[0.494s] Level 1:colcon.colcon_core.package_identification:_identify(src) by extension 'python_setup_py'
[0.494s] Level 1:colcon.colcon_core.package_identification:_identify(src/mimo_eso_sim) by extensions ['ignore', 'ignore_ament_install']
[0.494s] Level 1:colcon.colcon_core.package_identification:_identify(src/mimo_eso_sim) by extension 'ignore'
[0.494s] Level 1:colcon.colcon_core.package_identification:_identify(src/mimo_eso_sim) by extension 'ignore_ament_install'
[0.494s] Level 1:colcon.colcon_core.package_identification:_identify(src/mimo_eso_sim) by extensions ['colcon_pkg']
[0.494s] Level 1:colcon.colcon_core.package_identification:_identify(src/mimo_eso_sim) by extension 'colcon_pkg'
[0.494s] Level 1:colcon.colcon_core.package_identification:_identify(src/mimo_eso_sim) by extensions ['colcon_meta']
[0.494s] Level 1:colcon.colcon_core.package_identification:_identify(src/mimo_eso_sim) by extension 'colcon_meta'
[0.494s] Level 1:colcon.colcon_core.package_identification:_identify(src/mimo_eso_sim) by extensions ['ros']
[0.494s] Level 1:colcon.colcon_core.package_identification:_identify(src/mimo_eso_sim) by extension 'ros'
[0.495s] DEBUG:colcon.colcon_core.package_identification:Package 'src/mimo_eso_sim' with type 'ros.ament_cmake' and name 'mimo_eso_sim'
[0.495s] Level 1:colcon.colcon_core.package_discovery:discover_packages(recursive) using defaults
[0.495s] Level 1:colcon.colcon_core.package_discovery:discover_packages(ignore) discover
[0.496s] Level 1:colcon.colcon_core.package_discovery:discover_packages(ignore) using defaults
[0.496s] Level 1:colcon.colcon_core.package_discovery:discover_packages(path) discover
[0.496s] Level 1:colcon.colcon_core.package_discovery:discover_packages(path) using defaults
[0.507s] Level 1:colcon.colcon_core.package_discovery:discover_packages(prefix_path) check parameters
[0.507s] Level 1:colcon.colcon_core.package_discovery:discover_packages(prefix_path) discover
[0.508s] DEBUG:colcon.colcon_installed_package_information.package_discovery:Found 1 installed packages in /home/pjp2/mimo_eso_ws/install
[0.509s] DEBUG:colcon.colcon_installed_package_information.package_discovery:Found 303 installed packages in /opt/ros/humble
[0.516s] Level 1:colcon.colcon_core.package_discovery:discover_packages(prefix_path) using defaults
[0.537s] Level 5:colcon.colcon_core.verb:set package 'mimo_eso_sim' build argument 'cmake_args' from command line to 'None'
[0.537s] Level 5:colcon.colcon_core.verb:set package 'mimo_eso_sim' build argument 'cmake_target' from command line to 'None'
[0.537s] Level 5:colcon.colcon_core.verb:set package 'mimo_eso_sim' build argument 'cmake_target_skip_unavailable' from command line to 'False'
[0.537s] Level 5:colcon.colcon_core.verb:set package 'mimo_eso_sim' build argument 'cmake_clean_cache' from command line to 'False'
[0.537s] Level 5:colcon.colcon_core.verb:set package 'mimo_eso_sim' build argument 'cmake_clean_first' from command line to 'False'
[0.537s] Level 5:colcon.colcon_core.verb:set package 'mimo_eso_sim' build argument 'cmake_force_configure' from command line to 'False'
[0.537s] Level 5:colcon.colcon_core.verb:set package 'mimo_eso_sim' build argument 'ament_cmake_args' from command line to 'None'
[0.537s] Level 5:colcon.colcon_core.verb:set package 'mimo_eso_sim' build argument 'catkin_cmake_args' from command line to 'None'
[0.537s] Level 5:colcon.colcon_core.verb:set package 'mimo_eso_sim' build argument 'catkin_skip_building_tests' from command line to 'False'
[0.537s] DEBUG:colcon.colcon_core.verb:Building package 'mimo_eso_sim' with the following arguments: {'ament_cmake_args': None, 'build_base': '/home/pjp2/mimo_eso_ws/build/mimo_eso_sim', 'catkin_cmake_args': None, 'catkin_skip_building_tests': False, 'cmake_args': None, 'cmake_clean_cache': False, 'cmake_clean_first': False, 'cmake_force_configure': False, 'cmake_target': None, 'cmake_target_skip_unavailable': False, 'install_base': '/home/pjp2/mimo_eso_ws/install/mimo_eso_sim', 'merge_install': False, 'path': '/home/pjp2/mimo_eso_ws/src/mimo_eso_sim', 'symlink_install': True, 'test_result_base': None}
[0.537s] INFO:colcon.colcon_core.executor:Executing jobs using 'parallel' executor
[0.538s] DEBUG:colcon.colcon_parallel_executor.executor.parallel:run_until_complete
[0.538s] INFO:colcon.colcon_ros.task.ament_cmake.build:Building ROS package in '/home/pjp2/mimo_eso_ws/src/mimo_eso_sim' with build type 'ament_cmake'
[0.538s] INFO:colcon.colcon_cmake.task.cmake.build:Building CMake package in '/home/pjp2/mimo_eso_ws/src/mimo_eso_sim'
[0.539s] INFO:colcon.colcon_core.plugin_system:Skipping extension 'colcon_core.shell.bat': Not used on non-Windows systems
[0.539s] INFO:colcon.colcon_core.shell:Skip shell extension 'powershell' for command environment: Not usable outside of PowerShell
[0.539s] DEBUG:colcon.colcon_core.shell:Skip shell extension 'dsv' for command environment
[0.545s] DEBUG:colcon.colcon_core.event_handler.log_command:Invoking command in '/home/pjp2/mimo_eso_ws/build/mimo_eso_sim': CMAKE_PREFIX_PATH=${CMAKE_PREFIX_PATH}:/opt/ros/humble /usr/bin/cmake --build /home/pjp2/mimo_eso_ws/build/mimo_eso_sim -- -j24 -l24
[7.266s] DEBUG:colcon.colcon_core.event_handler.log_command:Invoked command in '/home/pjp2/mimo_eso_ws/build/mimo_eso_sim' returned '0': CMAKE_PREFIX_PATH=${CMAKE_PREFIX_PATH}:/opt/ros/humble /usr/bin/cmake --build /home/pjp2/mimo_eso_ws/build/mimo_eso_sim -- -j24 -l24
[7.271s] DEBUG:colcon.colcon_core.event_handler.log_command:Invoking command in '/home/pjp2/mimo_eso_ws/build/mimo_eso_sim': CMAKE_PREFIX_PATH=${CMAKE_PREFIX_PATH}:/opt/ros/humble /usr/bin/cmake --install /home/pjp2/mimo_eso_ws/build/mimo_eso_sim
[7.280s] Level 1:colcon.colcon_core.environment:create_environment_scripts_only(mimo_eso_sim)
[7.281s] DEBUG:colcon.colcon_core.event_handler.log_command:Invoked command in '/home/pjp2/mimo_eso_ws/build/mimo_eso_sim' returned '0': CMAKE_PREFIX_PATH=${CMAKE_PREFIX_PATH}:/opt/ros/humble /usr/bin/cmake --install /home/pjp2/mimo_eso_ws/build/mimo_eso_sim
[7.282s] Level 1:colcon.colcon_core.environment:checking '/home/pjp2/mimo_eso_ws/install/mimo_eso_sim' for CMake module files
[7.282s] Level 1:colcon.colcon_core.environment:checking '/home/pjp2/mimo_eso_ws/install/mimo_eso_sim' for CMake config files
[7.283s] Level 1:colcon.colcon_core.shell:create_environment_hook('mimo_eso_sim', 'cmake_prefix_path')
[7.283s] INFO:colcon.colcon_core.shell:Creating environment hook '/home/pjp2/mimo_eso_ws/install/mimo_eso_sim/share/mimo_eso_sim/hook/cmake_prefix_path.ps1'
[7.283s] INFO:colcon.colcon_core.shell:Creating environment descriptor '/home/pjp2/mimo_eso_ws/install/mimo_eso_sim/share/mimo_eso_sim/hook/cmake_prefix_path.dsv'
[7.283s] INFO:colcon.colcon_core.shell:Creating environment hook '/home/pjp2/mimo_eso_ws/install/mimo_eso_sim/share/mimo_eso_sim/hook/cmake_prefix_path.sh'
[7.284s] Level 1:colcon.colcon_core.environment:checking '/home/pjp2/mimo_eso_ws/install/mimo_eso_sim/lib'
[7.284s] Level 1:colcon.colcon_core.environment:checking '/home/pjp2/mimo_eso_ws/install/mimo_eso_sim/bin'
[7.284s] Level 1:colcon.colcon_core.environment:checking '/home/pjp2/mimo_eso_ws/install/mimo_eso_sim/lib/pkgconfig/mimo_eso_sim.pc'
[7.284s] Level 1:colcon.colcon_core.environment:checking '/home/pjp2/mimo_eso_ws/install/mimo_eso_sim/lib/python3.10/site-packages'
[7.284s] Level 1:colcon.colcon_core.environment:checking '/home/pjp2/mimo_eso_ws/install/mimo_eso_sim/bin'
[7.284s] INFO:colcon.colcon_core.shell:Creating package script '/home/pjp2/mimo_eso_ws/install/mimo_eso_sim/share/mimo_eso_sim/package.ps1'
[7.285s] INFO:colcon.colcon_core.shell:Creating package descriptor '/home/pjp2/mimo_eso_ws/install/mimo_eso_sim/share/mimo_eso_sim/package.dsv'
[7.285s] INFO:colcon.colcon_core.shell:Creating package script '/home/pjp2/mimo_eso_ws/install/mimo_eso_sim/share/mimo_eso_sim/package.sh'
[7.286s] INFO:colcon.colcon_core.shell:Creating package script '/home/pjp2/mimo_eso_ws/install/mimo_eso_sim/share/mimo_eso_sim/package.bash'
[7.286s] INFO:colcon.colcon_core.shell:Creating package script '/home/pjp2/mimo_eso_ws/install/mimo_eso_sim/share/mimo_eso_sim/package.zsh'
[7.287s] Level 1:colcon.colcon_core.environment:create_file_with_runtime_dependencies(/home/pjp2/mimo_eso_ws/install/mimo_eso_sim/share/colcon-core/packages/mimo_eso_sim)
[7.287s] Level 1:colcon.colcon_core.environment:create_environment_scripts_only(mimo_eso_sim)
[7.287s] Level 1:colcon.colcon_core.environment:checking '/home/pjp2/mimo_eso_ws/install/mimo_eso_sim' for CMake module files
[7.287s] Level 1:colcon.colcon_core.environment:checking '/home/pjp2/mimo_eso_ws/install/mimo_eso_sim' for CMake config files
[7.287s] Level 1:colcon.colcon_core.shell:create_environment_hook('mimo_eso_sim', 'cmake_prefix_path')
[7.288s] INFO:colcon.colcon_core.shell:Creating environment hook '/home/pjp2/mimo_eso_ws/install/mimo_eso_sim/share/mimo_eso_sim/hook/cmake_prefix_path.ps1'
[7.288s] INFO:colcon.colcon_core.shell:Creating environment descriptor '/home/pjp2/mimo_eso_ws/install/mimo_eso_sim/share/mimo_eso_sim/hook/cmake_prefix_path.dsv'
[7.288s] INFO:colcon.colcon_core.shell:Creating environment hook '/home/pjp2/mimo_eso_ws/install/mimo_eso_sim/share/mimo_eso_sim/hook/cmake_prefix_path.sh'
[7.288s] Level 1:colcon.colcon_core.environment:checking '/home/pjp2/mimo_eso_ws/install/mimo_eso_sim/lib'
[7.288s] Level 1:colcon.colcon_core.environment:checking '/home/pjp2/mimo_eso_ws/install/mimo_eso_sim/bin'
[7.288s] Level 1:colcon.colcon_core.environment:checking '/home/pjp2/mimo_eso_ws/install/mimo_eso_sim/lib/pkgconfig/mimo_eso_sim.pc'
[7.288s] Level 1:colcon.colcon_core.environment:checking '/home/pjp2/mimo_eso_ws/install/mimo_eso_sim/lib/python3.10/site-packages'
[7.289s] Level 1:colcon.colcon_core.environment:checking '/home/pjp2/mimo_eso_ws/install/mimo_eso_sim/bin'
[7.289s] INFO:colcon.colcon_core.shell:Creating package script '/home/pjp2/mimo_eso_ws/install/mimo_eso_sim/share/mimo_eso_sim/package.ps1'
[7.289s] INFO:colcon.colcon_core.shell:Creating package descriptor '/home/pjp2/mimo_eso_ws/install/mimo_eso_sim/share/mimo_eso_sim/package.dsv'
[7.289s] INFO:colcon.colcon_core.shell:Creating package script '/home/pjp2/mimo_eso_ws/install/mimo_eso_sim/share/mimo_eso_sim/package.sh'
[7.290s] INFO:colcon.colcon_core.shell:Creating package script '/home/pjp2/mimo_eso_ws/install/mimo_eso_sim/share/mimo_eso_sim/package.bash'
[7.290s] INFO:colcon.colcon_core.shell:Creating package script '/home/pjp2/mimo_eso_ws/install/mimo_eso_sim/share/mimo_eso_sim/package.zsh'
[7.290s] Level 1:colcon.colcon_core.environment:create_file_with_runtime_dependencies(/home/pjp2/mimo_eso_ws/install/mimo_eso_sim/share/colcon-core/packages/mimo_eso_sim)
[7.290s] DEBUG:colcon.colcon_parallel_executor.executor.parallel:closing loop
[7.290s] DEBUG:colcon.colcon_parallel_executor.executor.parallel:loop closed
[7.291s] DEBUG:colcon.colcon_parallel_executor.executor.parallel:run_until_complete finished with '0'
[7.291s] DEBUG:colcon.colcon_core.event_reactor:joining thread
[7.293s] INFO:colcon.colcon_core.plugin_system:Skipping extension 'colcon_notification.desktop_notification.terminal_notifier': Not used on non-Darwin systems
[7.293s] INFO:colcon.colcon_core.plugin_system:Skipping extension 'colcon_notification.desktop_notification.win32': Not used on non-Windows systems
[7.293s] INFO:colcon.colcon_notification.desktop_notification:Sending desktop notification using 'notify2'
[7.296s] DEBUG:colcon.colcon_core.event_reactor:joined thread
[7.297s] INFO:colcon.colcon_core.shell:Creating prefix script '/home/pjp2/mimo_eso_ws/install/local_setup.ps1'
[7.297s] INFO:colcon.colcon_core.shell:Creating prefix util module '/home/pjp2/mimo_eso_ws/install/_local_setup_util_ps1.py'
[7.298s] INFO:colcon.colcon_core.shell:Creating prefix chain script '/home/pjp2/mimo_eso_ws/install/setup.ps1'
[7.298s] INFO:colcon.colcon_core.shell:Creating prefix script '/home/pjp2/mimo_eso_ws/install/local_setup.sh'
[7.299s] INFO:colcon.colcon_core.shell:Creating prefix util module '/home/pjp2/mimo_eso_ws/install/_local_setup_util_sh.py'
[7.299s] INFO:colcon.colcon_core.shell:Creating prefix chain script '/home/pjp2/mimo_eso_ws/install/setup.sh'
[7.300s] INFO:colcon.colcon_core.shell:Creating prefix script '/home/pjp2/mimo_eso_ws/install/local_setup.bash'
[7.300s] INFO:colcon.colcon_core.shell:Creating prefix chain script '/home/pjp2/mimo_eso_ws/install/setup.bash'
[7.300s] INFO:colcon.colcon_core.shell:Creating prefix script '/home/pjp2/mimo_eso_ws/install/local_setup.zsh'
[7.301s] INFO:colcon.colcon_core.shell:Creating prefix chain script '/home/pjp2/mimo_eso_ws/install/setup.zsh'
