[0.007s] Invoking command in '/home/pjp2/mimo_eso_ws/build/mimo_eso_sim': CMAKE_PREFIX_PATH=${CMAKE_PREFIX_PATH}:/opt/ros/humble /usr/bin/cmake --build /home/pjp2/mimo_eso_ws/build/mimo_eso_sim -- -j24 -l24
[0.026s] [35m[1mConsolidate compiler generated dependencies of target eso_node[0m
[0.033s] [ 50%] Built target plant_node
[0.037s] [100%] Built target eso_node
[0.042s] Invoked command in '/home/pjp2/mimo_eso_ws/build/mimo_eso_sim' returned '0': CMAKE_PREFIX_PATH=${CMAKE_PREFIX_PATH}:/opt/ros/humble /usr/bin/cmake --build /home/pjp2/mimo_eso_ws/build/mimo_eso_sim -- -j24 -l24
[0.046s] Invoking command in '/home/pjp2/mimo_eso_ws/build/mimo_eso_sim': CMAKE_PREFIX_PATH=${CMAKE_PREFIX_PATH}:/opt/ros/humble /usr/bin/cmake --install /home/pjp2/mimo_eso_ws/build/mimo_eso_sim
[0.049s] -- Install configuration: ""
[0.049s] -- Execute custom install script
[0.049s] -- Up-to-date symlink: /home/pjp2/mimo_eso_ws/install/mimo_eso_sim/lib/mimo_eso_sim/plant_node
[0.049s] -- Up-to-date symlink: /home/pjp2/mimo_eso_ws/install/mimo_eso_sim/lib/mimo_eso_sim/eso_node
[0.050s] -- Up-to-date symlink: /home/pjp2/mimo_eso_ws/install/mimo_eso_sim/share/mimo_eso_sim/launch/mimo_eso_launch.py
[0.050s] -- Up-to-date symlink: /home/pjp2/mimo_eso_ws/install/mimo_eso_sim/share/ament_index/resource_index/package_run_dependencies/mimo_eso_sim
[0.050s] -- Up-to-date symlink: /home/pjp2/mimo_eso_ws/install/mimo_eso_sim/share/ament_index/resource_index/parent_prefix_path/mimo_eso_sim
[0.050s] -- Up-to-date symlink: /home/pjp2/mimo_eso_ws/install/mimo_eso_sim/share/mimo_eso_sim/environment/ament_prefix_path.sh
[0.050s] -- Up-to-date symlink: /home/pjp2/mimo_eso_ws/install/mimo_eso_sim/share/mimo_eso_sim/environment/ament_prefix_path.dsv
[0.050s] -- Up-to-date symlink: /home/pjp2/mimo_eso_ws/install/mimo_eso_sim/share/mimo_eso_sim/environment/path.sh
[0.050s] -- Up-to-date symlink: /home/pjp2/mimo_eso_ws/install/mimo_eso_sim/share/mimo_eso_sim/environment/path.dsv
[0.050s] -- Up-to-date symlink: /home/pjp2/mimo_eso_ws/install/mimo_eso_sim/share/mimo_eso_sim/local_setup.bash
[0.050s] -- Up-to-date symlink: /home/pjp2/mimo_eso_ws/install/mimo_eso_sim/share/mimo_eso_sim/local_setup.sh
[0.050s] -- Up-to-date symlink: /home/pjp2/mimo_eso_ws/install/mimo_eso_sim/share/mimo_eso_sim/local_setup.zsh
[0.051s] -- Up-to-date symlink: /home/pjp2/mimo_eso_ws/install/mimo_eso_sim/share/mimo_eso_sim/local_setup.dsv
[0.051s] -- Symlinking: /home/pjp2/mimo_eso_ws/install/mimo_eso_sim/share/mimo_eso_sim/package.dsv
[0.055s] -- Up-to-date symlink: /home/pjp2/mimo_eso_ws/install/mimo_eso_sim/share/ament_index/resource_index/packages/mimo_eso_sim
[0.055s] -- Up-to-date symlink: /home/pjp2/mimo_eso_ws/install/mimo_eso_sim/share/mimo_eso_sim/cmake/mimo_eso_simConfig.cmake
[0.055s] -- Up-to-date symlink: /home/pjp2/mimo_eso_ws/install/mimo_eso_sim/share/mimo_eso_sim/cmake/mimo_eso_simConfig-version.cmake
[0.055s] -- Up-to-date symlink: /home/pjp2/mimo_eso_ws/install/mimo_eso_sim/share/mimo_eso_sim/package.xml
[0.056s] Invoked command in '/home/pjp2/mimo_eso_ws/build/mimo_eso_sim' returned '0': CMAKE_PREFIX_PATH=${CMAKE_PREFIX_PATH}:/opt/ros/humble /usr/bin/cmake --install /home/pjp2/mimo_eso_ws/build/mimo_eso_sim
